---
source: tests/snapshot_test.rs
expression: sorted
---
"Breakfast/pancakes.cook"
