---
source: tests/snapshot_test.rs
expression: sorted
---
pasta 200 g
water 2 cups
