---
source: tests/snapshot_test.rs
expression: stdout
---
"Breakfast/pancakes.cook"
