---
source: tests/snapshot_test.rs
expression: stdout
---
üìÑ simple.cook
  ‚ö†Ô∏è  Warning: Unsupported value for key: 'servings'
  ‚ö†Ô∏è  Warning: The '>>' syntax for metadata is deprecated, use a YAML frontmatter

üìÑ sauce.cook
  ‚ö†Ô∏è  Warning: The '>>' syntax for metadata is deprecated, use a YAML frontmatter

üìÑ with_errors.cook
  ‚ö†Ô∏è  Warning: The '>>' syntax for metadata is deprecated, use a YAML frontmatter

üìÑ with_ref.cook
  ‚ö†Ô∏è  Warning: The '>>' syntax for metadata is deprecated, use a YAML frontmatter

=== Validation Summary ===
Total recipes scanned: 5
‚ö†Ô∏è  5 warning(s) found in 4 recipe(s)
